Error on chunk 1: this illegal chunk has 4 lines instead of 3 lines!