Error on chunk 0 line 2: this illegal line has 26 characters instead of 27 characters!