Error on chunk 2: this illegal chunk has 2 lines instead of 3 lines!